[1.085s] Invoking command in '/home/pola-nasser13/wheel_odometry_ws/src/wheel_odometry_pkg': DEBUGINFOD_URLS=https://debuginfod.ubuntu.com PYTHONPATH=/home/pola-nasser13/wheel_odometry_ws/build/wheel_odometry_pkg/prefix_override:/usr/lib/python3/dist-packages/colcon_core/task/python/colcon_distutils_commands:/home/pola-nasser13/wheel_odometry_ws/install/wheel_odometry_pkg/lib/python3.12/site-packages:${PYTHONPATH} /usr/bin/python3 -W ignore:setup.py install is deprecated -W ignore:easy_install command is deprecated setup.py egg_info --egg-base ../../build/wheel_odometry_pkg build --build-base /home/pola-nasser13/wheel_odometry_ws/build/wheel_odometry_pkg/build install --record /home/pola-nasser13/wheel_odometry_ws/build/wheel_odometry_pkg/install.log --single-version-externally-managed install_data
[1.366s] running egg_info
[1.383s] writing ../../build/wheel_odometry_pkg/wheel_odometry_pkg.egg-info/PKG-INFO
[1.383s] writing dependency_links to ../../build/wheel_odometry_pkg/wheel_odometry_pkg.egg-info/dependency_links.txt
[1.384s] writing entry points to ../../build/wheel_odometry_pkg/wheel_odometry_pkg.egg-info/entry_points.txt
[1.384s] writing requirements to ../../build/wheel_odometry_pkg/wheel_odometry_pkg.egg-info/requires.txt
[1.384s] writing top-level names to ../../build/wheel_odometry_pkg/wheel_odometry_pkg.egg-info/top_level.txt
[1.425s] reading manifest file '../../build/wheel_odometry_pkg/wheel_odometry_pkg.egg-info/SOURCES.txt'
[1.426s] writing manifest file '../../build/wheel_odometry_pkg/wheel_odometry_pkg.egg-info/SOURCES.txt'
[1.426s] running build
[1.426s] running build_py
[1.426s] copying wheel_odometry_pkg/turtlebot4_converter.py -> /home/pola-nasser13/wheel_odometry_ws/build/wheel_odometry_pkg/build/lib/wheel_odometry_pkg
[1.427s] running install
[1.433s] running install_lib
[1.451s] copying /home/pola-nasser13/wheel_odometry_ws/build/wheel_odometry_pkg/build/lib/wheel_odometry_pkg/turtlebot4_converter.py -> /home/pola-nasser13/wheel_odometry_ws/install/wheel_odometry_pkg/lib/python3.12/site-packages/wheel_odometry_pkg
[1.451s] byte-compiling /home/pola-nasser13/wheel_odometry_ws/install/wheel_odometry_pkg/lib/python3.12/site-packages/wheel_odometry_pkg/turtlebot4_converter.py to turtlebot4_converter.cpython-312.pyc
[1.452s] running install_data
[1.453s] running install_egg_info
[1.478s] removing '/home/pola-nasser13/wheel_odometry_ws/install/wheel_odometry_pkg/lib/python3.12/site-packages/wheel_odometry_pkg-0.0.1-py3.12.egg-info' (and everything under it)
[1.478s] Copying ../../build/wheel_odometry_pkg/wheel_odometry_pkg.egg-info to /home/pola-nasser13/wheel_odometry_ws/install/wheel_odometry_pkg/lib/python3.12/site-packages/wheel_odometry_pkg-0.0.1-py3.12.egg-info
[1.479s] running install_scripts
[1.625s] Installing turtlebot4_converter script to /home/pola-nasser13/wheel_odometry_ws/install/wheel_odometry_pkg/lib/wheel_odometry_pkg
[1.625s] Installing wheel_odometry_node script to /home/pola-nasser13/wheel_odometry_ws/install/wheel_odometry_pkg/lib/wheel_odometry_pkg
[1.626s] writing list of installed files to '/home/pola-nasser13/wheel_odometry_ws/build/wheel_odometry_pkg/install.log'
[1.669s] Invoked command in '/home/pola-nasser13/wheel_odometry_ws/src/wheel_odometry_pkg' returned '0': DEBUGINFOD_URLS=https://debuginfod.ubuntu.com PYTHONPATH=/home/pola-nasser13/wheel_odometry_ws/build/wheel_odometry_pkg/prefix_override:/usr/lib/python3/dist-packages/colcon_core/task/python/colcon_distutils_commands:/home/pola-nasser13/wheel_odometry_ws/install/wheel_odometry_pkg/lib/python3.12/site-packages:${PYTHONPATH} /usr/bin/python3 -W ignore:setup.py install is deprecated -W ignore:easy_install command is deprecated setup.py egg_info --egg-base ../../build/wheel_odometry_pkg build --build-base /home/pola-nasser13/wheel_odometry_ws/build/wheel_odometry_pkg/build install --record /home/pola-nasser13/wheel_odometry_ws/build/wheel_odometry_pkg/install.log --single-version-externally-managed install_data
