running egg_info
creating ../../build/wheel_odometry_pkg/wheel_odometry_pkg.egg-info
writing ../../build/wheel_odometry_pkg/wheel_odometry_pkg.egg-info/PKG-INFO
writing dependency_links to ../../build/wheel_odometry_pkg/wheel_odometry_pkg.egg-info/dependency_links.txt
writing entry points to ../../build/wheel_odometry_pkg/wheel_odometry_pkg.egg-info/entry_points.txt
writing requirements to ../../build/wheel_odometry_pkg/wheel_odometry_pkg.egg-info/requires.txt
writing top-level names to ../../build/wheel_odometry_pkg/wheel_odometry_pkg.egg-info/top_level.txt
writing manifest file '../../build/wheel_odometry_pkg/wheel_odometry_pkg.egg-info/SOURCES.txt'
reading manifest file '../../build/wheel_odometry_pkg/wheel_odometry_pkg.egg-info/SOURCES.txt'
writing manifest file '../../build/wheel_odometry_pkg/wheel_odometry_pkg.egg-info/SOURCES.txt'
running build
running build_py
creating /home/pola-nasser13/wheel_odometry_ws/build/wheel_odometry_pkg/build
creating /home/pola-nasser13/wheel_odometry_ws/build/wheel_odometry_pkg/build/lib
creating /home/pola-nasser13/wheel_odometry_ws/build/wheel_odometry_pkg/build/lib/wheel_odometry_pkg
copying wheel_odometry_pkg/__init__.py -> /home/pola-nasser13/wheel_odometry_ws/build/wheel_odometry_pkg/build/lib/wheel_odometry_pkg
copying wheel_odometry_pkg/wheel_odometry_node.py -> /home/pola-nasser13/wheel_odometry_ws/build/wheel_odometry_pkg/build/lib/wheel_odometry_pkg
copying wheel_odometry_pkg/wheel_odometry_node_cooked.py -> /home/pola-nasser13/wheel_odometry_ws/build/wheel_odometry_pkg/build/lib/wheel_odometry_pkg
copying wheel_odometry_pkg/turtlebot4_converter.py -> /home/pola-nasser13/wheel_odometry_ws/build/wheel_odometry_pkg/build/lib/wheel_odometry_pkg
running install
running install_lib
creating /home/pola-nasser13/wheel_odometry_ws/install/wheel_odometry_pkg/lib/python3.12/site-packages/wheel_odometry_pkg
copying /home/pola-nasser13/wheel_odometry_ws/build/wheel_odometry_pkg/build/lib/wheel_odometry_pkg/__init__.py -> /home/pola-nasser13/wheel_odometry_ws/install/wheel_odometry_pkg/lib/python3.12/site-packages/wheel_odometry_pkg
copying /home/pola-nasser13/wheel_odometry_ws/build/wheel_odometry_pkg/build/lib/wheel_odometry_pkg/wheel_odometry_node.py -> /home/pola-nasser13/wheel_odometry_ws/install/wheel_odometry_pkg/lib/python3.12/site-packages/wheel_odometry_pkg
copying /home/pola-nasser13/wheel_odometry_ws/build/wheel_odometry_pkg/build/lib/wheel_odometry_pkg/wheel_odometry_node_cooked.py -> /home/pola-nasser13/wheel_odometry_ws/install/wheel_odometry_pkg/lib/python3.12/site-packages/wheel_odometry_pkg
copying /home/pola-nasser13/wheel_odometry_ws/build/wheel_odometry_pkg/build/lib/wheel_odometry_pkg/turtlebot4_converter.py -> /home/pola-nasser13/wheel_odometry_ws/install/wheel_odometry_pkg/lib/python3.12/site-packages/wheel_odometry_pkg
byte-compiling /home/pola-nasser13/wheel_odometry_ws/install/wheel_odometry_pkg/lib/python3.12/site-packages/wheel_odometry_pkg/__init__.py to __init__.cpython-312.pyc
byte-compiling /home/pola-nasser13/wheel_odometry_ws/install/wheel_odometry_pkg/lib/python3.12/site-packages/wheel_odometry_pkg/wheel_odometry_node.py to wheel_odometry_node.cpython-312.pyc
byte-compiling /home/pola-nasser13/wheel_odometry_ws/install/wheel_odometry_pkg/lib/python3.12/site-packages/wheel_odometry_pkg/wheel_odometry_node_cooked.py to wheel_odometry_node_cooked.cpython-312.pyc
byte-compiling /home/pola-nasser13/wheel_odometry_ws/install/wheel_odometry_pkg/lib/python3.12/site-packages/wheel_odometry_pkg/turtlebot4_converter.py to turtlebot4_converter.cpython-312.pyc
running install_data
creating /home/pola-nasser13/wheel_odometry_ws/install/wheel_odometry_pkg/share/ament_index
creating /home/pola-nasser13/wheel_odometry_ws/install/wheel_odometry_pkg/share/ament_index/resource_index
creating /home/pola-nasser13/wheel_odometry_ws/install/wheel_odometry_pkg/share/ament_index/resource_index/packages
copying resource/wheel_odometry_pkg -> /home/pola-nasser13/wheel_odometry_ws/install/wheel_odometry_pkg/share/ament_index/resource_index/packages
copying package.xml -> /home/pola-nasser13/wheel_odometry_ws/install/wheel_odometry_pkg/share/wheel_odometry_pkg
creating /home/pola-nasser13/wheel_odometry_ws/install/wheel_odometry_pkg/share/wheel_odometry_pkg/launch
copying launch/wheel_odometry.launch.py -> /home/pola-nasser13/wheel_odometry_ws/install/wheel_odometry_pkg/share/wheel_odometry_pkg/launch
running install_egg_info
Copying ../../build/wheel_odometry_pkg/wheel_odometry_pkg.egg-info to /home/pola-nasser13/wheel_odometry_ws/install/wheel_odometry_pkg/lib/python3.12/site-packages/wheel_odometry_pkg-0.0.1-py3.12.egg-info
running install_scripts
Installing turtlebot4_converter script to /home/pola-nasser13/wheel_odometry_ws/install/wheel_odometry_pkg/lib/wheel_odometry_pkg
Installing wheel_odometry_node script to /home/pola-nasser13/wheel_odometry_ws/install/wheel_odometry_pkg/lib/wheel_odometry_pkg
writing list of installed files to '/home/pola-nasser13/wheel_odometry_ws/build/wheel_odometry_pkg/install.log'
